
3D nonlinear  aspect 4  nodes 208  edges 2034  diameter 15
architecture                 params  hops    relL2   by distance band
--------------------------------------------------------------------------------
node MLP (no comms)          17,345     0   0.6255   0.784  0.283  0.249  0.238
MeshGraphNet L=4            130,241     4   0.3031   0.232  0.311  0.285  0.305
MeshGraphNet L=16           480,449    16   0.2561   0.195  0.236  0.254  0.227
MGN-Transformer L=4         131,085global   0.2197   0.227  0.267  0.280  0.289

3D nonlinear  aspect 8  nodes 400  edges 4002  diameter 27
architecture                 params  hops    relL2   by distance band
--------------------------------------------------------------------------------
node MLP (no comms)          17,345     0   0.5599   0.835  0.172  0.188  0.180
MeshGraphNet L=4            130,241     4   0.2146   0.231  0.166  0.210  0.223
MeshGraphNet L=16           480,449    16   0.2133   0.277  0.153  0.152  0.225
MGN-Transformer L=4         131,085global   0.1078   0.120  0.125  0.154  0.153

3D nonlinear  aspect 12  nodes 592  edges 5970  diameter 39
architecture                 params  hops    relL2   by distance band
--------------------------------------------------------------------------------
node MLP (no comms)          17,345     0   0.5406   0.916  0.153  0.188  0.177
MeshGraphNet L=4            130,241     4   0.1338   0.152  0.125  0.158  0.159
MeshGraphNet L=16           480,449    16   0.1236   0.127  0.128  0.167  0.181
MGN-Transformer L=4         131,085global   0.1002   0.114  0.127  0.154  0.159

==============================================================================
aggregate relative L2 against graph diameter
==============================================================================
 diameter          node  MeshGraphNet  MeshGraphNet  MGN-Transfor
       15        0.6255        0.3031        0.2561        0.2197
       27        0.5599        0.2146        0.2133        0.1078
       39        0.5406        0.1338        0.1236        0.1002

deepest band only, the middle of the bar
 diameter          node  MeshGraphNet  MeshGraphNet  MGN-Transfor
       15        0.2376        0.3045        0.2269        0.2888
       27        0.1797        0.2226        0.2255        0.1533
       39        0.1773        0.1595        0.1806        0.1594
